[    0.000000] Initializing cgroup subsys cpuset
[    0.000000] Initializing cgroup subsys cpu
[    0.000000] Initializing cgroup subsys cpuacct
[    0.000000] Linux version 4.4.0-159-generic (buildd@lgw01-amd64-042) (gcc version 5.4.0 20160609 (Ubuntu 5.4.0-6ubuntu1~16.04.10) ) #187-Ubuntu SMP Thu Aug 1 16:28:06 UTC 2019 (Ubuntu 4.4.0-159.187-generic 4.4.185)
[    0.000000] Command line: BOOT_IMAGE=/boot/vmlinuz-4.4.0-159-generic root=LABEL=cloudimg-rootfs ro console=tty1 console=ttyS0
[    0.000000] KERNEL supported cpus:
[    0.000000]   Intel GenuineIntel
[    0.000000]   AMD AuthenticAMD
[    0.000000]   Centaur CentaurHauls
[    0.000000] x86/fpu: xstate_offset[2]:  576, xstate_sizes[2]:  256
[    0.000000] x86/fpu: Supporting XSAVE feature 0x01: 'x87 floating point registers'
[    0.000000] x86/fpu: Supporting XSAVE feature 0x02: 'SSE registers'
[    0.000000] x86/fpu: Supporting XSAVE feature 0x04: 'AVX registers'
[    0.000000] x86/fpu: Enabled xstate features 0x7, context size is 832 bytes, using 'standard' format.
[    0.000000] e820: BIOS-provided physical RAM map:
[    0.000000] BIOS-e820: [mem 0x0000000000000000-0x000000000009fbff] usable
[    0.000000] BIOS-e820: [mem 0x000000000009fc00-0x000000000009ffff] reserved
[    0.000000] BIOS-e820: [mem 0x00000000000f0000-0x00000000000fffff] reserved
[    0.000000] BIOS-e820: [mem 0x0000000000100000-0x000000001ffeffff] usable
[    0.000000] BIOS-e820: [mem 0x000000001fff0000-0x000000001fffffff] ACPI data
[    0.000000] BIOS-e820: [mem 0x00000000fec00000-0x00000000fec00fff] reserved
[    0.000000] BIOS-e820: [mem 0x00000000fee00000-0x00000000fee00fff] reserved
[    0.000000] BIOS-e820: [mem 0x00000000fffc0000-0x00000000ffffffff] reserved
[    0.000000] NX (Execute Disable) protection: active
[    0.000000] SMBIOS 2.5 present.
[    0.000000] Hypervisor detected: KVM
[    0.000000] e820: last_pfn = 0x1fff0 max_arch_pfn = 0x400000000
[    0.000000] MTRR: Disabled
[    0.000000] x86/PAT: MTRRs disabled, skipping PAT initialization too.
[    0.000000] CPU MTRRs all blank - virtualized system.
[    0.000000] x86/PAT: Configuration [0-7]: WB  WT  UC- UC  WB  WT  UC- UC  
[    0.000000] found SMP MP-table at [mem 0x0009fff0-0x0009ffff] mapped at [ffff88000009fff0]
[    0.000000] Scanning 1 areas for low memory corruption
[    0.000000] RAMDISK: [mem 0x1e811000-0x1f71cfff]
[    0.000000] ACPI: Early table checksum verification disabled
[    0.000000] ACPI: RSDP 0x00000000000E0000 000024 (v02 VBOX  )
[    0.000000] ACPI: XSDT 0x000000001FFF0030 00003C (v01 VBOX   VBOXXSDT 00000001 ASL  00000061)
[    0.000000] ACPI: FACP 0x000000001FFF00F0 0000F4 (v04 VBOX   VBOXFACP 00000001 ASL  00000061)
[    0.000000] ACPI: DSDT 0x000000001FFF0470 0022EA (v02 VBOX   VBOXBIOS 00000002 INTL 20100528)
[    0.000000] ACPI: FACS 0x000000001FFF0200 000040
[    0.000000] ACPI: FACS 0x000000001FFF0200 000040
[    0.000000] ACPI: APIC 0x000000001FFF0240 00005C (v02 VBOX   VBOXAPIC 00000001 ASL  00000061)
[    0.000000] ACPI: SSDT 0x000000001FFF02A0 0001CC (v01 VBOX   VBOXCPUT 00000002 INTL 20100528)
[    0.000000] No NUMA configuration found
[    0.000000] Faking a node at [mem 0x0000000000000000-0x000000001ffeffff]
[    0.000000] NODE_DATA(0) allocated [mem 0x1ffeb000-0x1ffeffff]
[    0.000000] kvm-clock: Using msrs 4b564d01 and 4b564d00
[    0.000000] kvm-clock: cpu 0, msr 0:1ffe3001, primary cpu clock
[    0.000000] kvm-clock: using sched offset of 3851601287 cycles
[    0.000000] clocksource: kvm-clock: mask: 0xffffffffffffffff max_cycles: 0x1cd42e4dffb, max_idle_ns: 881590591483 ns
[    0.000000] Zone ranges:
[    0.000000]   DMA      [mem 0x0000000000001000-0x0000000000ffffff]
[    0.000000]   DMA32    [mem 0x0000000001000000-0x000000001ffeffff]
[    0.000000]   Normal   empty
[    0.000000]   Device   empty
[    0.000000] Movable zone start for each node
[    0.000000] Early memory node ranges
[    0.000000]   node   0: [mem 0x0000000000001000-0x000000000009efff]
[    0.000000]   node   0: [mem 0x0000000000100000-0x000000001ffeffff]
[    0.000000] Initmem setup node 0 [mem 0x0000000000001000-0x000000001ffeffff]
[    0.000000] ACPI: PM-Timer IO Port: 0x4008
[    0.000000] IOAPIC[0]: apic_id 2, version 32, address 0xfec00000, GSI 0-23
[    0.000000] ACPI: INT_SRC_OVR (bus 0 bus_irq 0 global_irq 2 dfl dfl)
[    0.000000] ACPI: INT_SRC_OVR (bus 0 bus_irq 9 global_irq 9 low level)
[    0.000000] Using ACPI (MADT) for SMP configuration information
[    0.000000] smpboot: Allowing 2 CPUs, 0 hotplug CPUs
[    0.000000] PM: Registered nosave memory: [mem 0x00000000-0x00000fff]
[    0.000000] PM: Registered nosave memory: [mem 0x0009f000-0x0009ffff]
[    0.000000] PM: Registered nosave memory: [mem 0x000a0000-0x000effff]
[    0.000000] PM: Registered nosave memory: [mem 0x000f0000-0x000fffff]
[    0.000000] e820: [mem 0x20000000-0xfebfffff] available for PCI devices
[    0.000000] Booting paravirtualized kernel on KVM
[    0.000000] clocksource: refined-jiffies: mask: 0xffffffff max_cycles: 0xffffffff, max_idle_ns: 7645519600211568 ns
[    0.000000] setup_percpu: NR_CPUS:512 nr_cpumask_bits:512 nr_cpu_ids:2 nr_node_ids:1
[    0.000000] PERCPU: Embedded 34 pages/cpu @ffff88001fc00000 s99544 r8192 d31528 u1048576
[    0.000000] Built 1 zonelists in Node order, mobility grouping on.  Total pages: 128888
[    0.000000] Policy zone: DMA32
[    0.000000] Kernel command line: BOOT_IMAGE=/boot/vmlinuz-4.4.0-159-generic root=LABEL=cloudimg-rootfs ro console=tty1 console=ttyS0
[    0.000000] PID hash table entries: 2048 (order: 2, 16384 bytes)
[    0.000000] Memory: 481068K/523832K available (8618K kernel code, 1335K rwdata, 4032K rodata, 1488K init, 1284K bss, 42764K reserved, 0K cma-reserved)
[    0.000000] SLUB: HWalign=64, Order=0-3, MinObjects=0, CPUs=2, Nodes=1
[    0.000000] Kernel/User page tables isolation: enabled
[    0.000000] Hierarchical RCU implementation.
[    0.000000] 	Build-time adjustment of leaf fanout to 64.
[    0.000000] 	RCU restricting CPUs from NR_CPUS=512 to nr_cpu_ids=2.
[    0.000000] RCU: Adjusting geometry for rcu_fanout_leaf=64, nr_cpu_ids=2
[    0.000000] NR_IRQS:33024 nr_irqs:440 16
[    0.000000] Console: colour VGA+ 80x25
[    0.000000] console [tty1] enabled
[    0.000000] console [ttyS0] enabled
[    0.000000] tsc: Detected 2496.000 MHz processor
[    0.220800] Calibrating delay loop (skipped) preset value.. 4992.00 BogoMIPS (lpj=9984000)
[    0.223440] pid_max: default: 32768 minimum: 301
[    0.224851] ACPI: Core revision 20150930
[    0.228403] ACPI: 2 ACPI AML tables successfully acquired and loaded
[    0.230332] Security Framework initialized
[    0.231665] Yama: becoming mindful.
[    0.232923] AppArmor: AppArmor initialized
[    0.234278] Dentry cache hash table entries: 65536 (order: 7, 524288 bytes)
[    0.239595] Inode-cache hash table entries: 32768 (order: 6, 262144 bytes)
[    0.241697] Mount-cache hash table entries: 1024 (order: 1, 8192 bytes)
[    0.244225] Mountpoint-cache hash table entries: 1024 (order: 1, 8192 bytes)
[    0.246664] Initializing cgroup subsys io
[    0.248159] Initializing cgroup subsys memory
[    0.249617] Initializing cgroup subsys devices
[    0.251027] Initializing cgroup subsys freezer
[    0.252979] Initializing cgroup subsys net_cls
[    0.254951] Initializing cgroup subsys perf_event
[    0.256681] Initializing cgroup subsys net_prio
[    0.258315] Initializing cgroup subsys hugetlb
[    0.259986] Initializing cgroup subsys pids
[    0.263049] mce: CPU supports 0 MCE banks
[    0.264870] Last level iTLB entries: 4KB 64, 2MB 8, 4MB 8
[    0.266983] Last level dTLB entries: 4KB 64, 2MB 0, 4MB 0, 1GB 4
[    0.269365] Spectre V1 : Mitigation: usercopy/swapgs barriers and __user pointer sanitization
[    0.272792] Spectre V2 : Mitigation: Full generic retpoline
[    0.275091] Spectre V2 : Spectre v2 / SpectreRSB mitigation: Filling RSB on context switch
[    0.278719] Speculative Store Bypass: Vulnerable
[    0.280384] MDS: Vulnerable: Clear CPU buffers attempted, no microcode
[    0.286678] Freeing SMP alternatives memory: 36K
[    0.295951] ftrace: allocating 32318 entries in 127 pages
[    0.378335] smpboot: APIC(0) Converting physical 0 to logical package 0
[    0.380258] smpboot: Max logical packages: 1
[    0.382173] x2apic enabled
[    0.383856] Switched APIC routing to physical x2apic.
[    0.387100] ..TIMER: vector=0x30 apic1=0 pin1=2 apic2=-1 pin2=-1
[    0.495756] smpboot: CPU0: Intel(R) Core(TM) i5-6300U CPU @ 2.40GHz (family: 0x6, model: 0x4e, stepping: 0x3)
[    0.499302] Performance Events: unsupported p6 CPU model 78 no PMU driver, software events only.
[    0.515524] KVM setup paravirtual spinlock
[    0.517629] x86: Booting SMP configuration:
[    0.518894] .... node  #0, CPUs:      #1
[    0.520275] kvm-clock: cpu 1, msr 0:1ffe3041, secondary cpu clock
[    0.523064] mce: CPU supports 0 MCE banks
[    0.526281] x86: Booted up 1 node, 2 CPUs
[    0.527911] smpboot: Total of 2 processors activated (9984.00 BogoMIPS)
[    0.533686] devtmpfs: initialized
[    0.536742] evm: security.selinux
[    0.537803] evm: security.SMACK64
[    0.538865] evm: security.SMACK64EXEC
[    0.540150] evm: security.SMACK64TRANSMUTE
[    0.541403] evm: security.SMACK64MMAP
[    0.542588] evm: security.ima
[    0.543571] evm: security.capability
[    0.544997] clocksource: jiffies: mask: 0xffffffff max_cycles: 0xffffffff, max_idle_ns: 7645041785100000 ns
[    0.547648] futex hash table entries: 512 (order: 3, 32768 bytes)
[    0.549692] pinctrl core: initialized pinctrl subsystem
[    0.551304] RTC time: 17:55:14, date: 08/16/19
[    0.552970] NET: Registered protocol family 16
[    0.566182] cpuidle: using governor ladder
[    0.581718] cpuidle: using governor menu
[    0.583571] PCCT header not found.
[    0.585105] ACPI: bus type PCI registered
[    0.586593] acpiphp: ACPI Hot Plug PCI Controller Driver version: 0.5
[    0.589397] PCI: Using configuration type 1 for base access
[    0.608193] ACPI: Added _OSI(Module Device)
[    0.609680] ACPI: Added _OSI(Processor Device)
[    0.610968] ACPI: Added _OSI(3.0 _SCP Extensions)
[    0.612766] ACPI: Added _OSI(Processor Aggregator Device)
[    0.615326] ACPI: Executed 1 blocks of module-level executable AML code
[    0.621581] ACPI: Interpreter enabled
[    0.623306] ACPI: (supports S0 S5)
[    0.624941] ACPI: Using IOAPIC for interrupt routing
[    0.626621] PCI: Using host bridge windows from ACPI; if necessary, use "pci=nocrs" and report a bug
[    0.634611] ACPI: PCI Root Bridge [PCI0] (domain 0000 [bus 00-ff])
[    0.636622] acpi PNP0A03:00: _OSC: OS supports [ASPM ClockPM Segments MSI]
[    0.639022] acpi PNP0A03:00: _OSC: not requesting OS control; OS requires [ExtendedConfig ASPM ClockPM MSI]
[    0.641884] acpi PNP0A03:00: fail to add MMCONFIG information, can't access extended PCI configuration space under this bridge.
[    0.646109] PCI host bridge to bus 0000:00
[    0.647817] pci_bus 0000:00: root bus resource [io  0x0000-0x0cf7 window]
[    0.650124] pci_bus 0000:00: root bus resource [io  0x0d00-0xffff window]
[    0.651965] pci_bus 0000:00: root bus resource [mem 0x000a0000-0x000bffff window]
[    0.654500] pci_bus 0000:00: root bus resource [mem 0x20000000-0xfdffffff window]
[    0.656741] pci_bus 0000:00: root bus resource [bus 00-ff]
[    0.663109] pci 0000:00:01.1: legacy IDE quirk: reg 0x10: [io  0x01f0-0x01f7]
[    0.672123] pci 0000:00:01.1: legacy IDE quirk: reg 0x14: [io  0x03f6]
[    0.673937] pci 0000:00:01.1: legacy IDE quirk: reg 0x18: [io  0x0170-0x0177]
[    0.676072] pci 0000:00:01.1: legacy IDE quirk: reg 0x1c: [io  0x0376]
[    0.717658] pci 0000:00:07.0: quirk: [io  0x4000-0x403f] claimed by PIIX4 ACPI
[    0.720046] pci 0000:00:07.0: quirk: [io  0x4100-0x410f] claimed by PIIX4 SMB
[    0.728411] ACPI: PCI Interrupt Link [LNKA] (IRQs 5 9 10 *11)
[    0.731065] ACPI: PCI Interrupt Link [LNKB] (IRQs 5 9 *10 11)
[    0.733744] ACPI: PCI Interrupt Link [LNKC] (IRQs 5 *9 10 11)
[    0.736203] ACPI: PCI Interrupt Link [LNKD] (IRQs 5 9 10 *11)
[    0.738839] ACPI: Enabled 2 GPEs in block 00 to 07
[    0.741178] vgaarb: setting as boot device: PCI:0000:00:02.0
[    0.742964] vgaarb: device added: PCI:0000:00:02.0,decodes=io+mem,owns=io+mem,locks=none
[    0.745803] vgaarb: loaded
[    0.747180] vgaarb: bridge control possible 0000:00:02.0
[    0.749281] SCSI subsystem initialized
[    0.750703] ACPI: bus type USB registered
[    0.752210] usbcore: registered new interface driver usbfs
[    0.754441] usbcore: registered new interface driver hub
[    0.756719] usbcore: registered new device driver usb
[    0.759335] PCI: Using ACPI for IRQ routing
[    0.762179] NetLabel: Initializing
[    0.763910] NetLabel:  domain hash size = 128
[    0.766309] NetLabel:  protocols = UNLABELED CIPSOv4
[    0.768945] NetLabel:  unlabeled traffic allowed by default
[    0.771742] amd_nb: Cannot enumerate AMD northbridges
[    0.774153] clocksource: Switched to clocksource kvm-clock
[    0.790989] AppArmor: AppArmor Filesystem Enabled
[    0.793030] pnp: PnP ACPI init
[    0.795683] pnp: PnP ACPI: found 3 devices
[    0.811217] clocksource: acpi_pm: mask: 0xffffff max_cycles: 0xffffff, max_idle_ns: 2085701024 ns
[    0.814171] NET: Registered protocol family 2
[    0.815816] TCP established hash table entries: 4096 (order: 3, 32768 bytes)
[    0.818202] TCP bind hash table entries: 4096 (order: 4, 65536 bytes)
[    0.820558] TCP: Hash tables configured (established 4096 bind 4096)
[    0.823037] UDP hash table entries: 256 (order: 1, 8192 bytes)
[    0.824950] UDP-Lite hash table entries: 256 (order: 1, 8192 bytes)
[    0.827372] NET: Registered protocol family 1
[    0.829249] pci 0000:00:00.0: Limiting direct PCI/PCI transfers
[    0.831761] pci 0000:00:01.0: Activating ISA DMA hang workarounds
[    0.837641] Unpacking initramfs...
[    1.153899] Freeing initrd memory: 15408K
[    1.155594] clocksource: tsc: mask: 0xffffffffffffffff max_cycles: 0x23fa772cf26, max_idle_ns: 440795269835 ns
[    1.158602] platform rtc_cmos: registered platform RTC device (no PNP device found)
[    1.160991] Scanning for low memory corruption every 60 seconds
[    1.163569] audit: initializing netlink subsys (disabled)
[    1.165084] audit: type=2000 audit(1565978120.189:1): initialized
[    1.167167] Initialise system trusted keyring
[    1.168936] HugeTLB registered 2 MB page size, pre-allocated 0 pages
[    1.172219] zbud: loaded
[    1.173991] VFS: Disk quotas dquot_6.6.0
[    1.175672] VFS: Dquot-cache hash table entries: 512 (order 0, 4096 bytes)
[    1.177785] squashfs: version 4.0 (2009/01/31) Phillip Lougher
[    1.180126] fuse init (API version 7.23)
[    1.181562] Key type big_key registered
[    1.182903] Allocating IMA MOK and blacklist keyrings.
[    1.187517] Key type asymmetric registered
[    1.188781] Asymmetric key parser 'x509' registered
[    1.190363] Block layer SCSI generic (bsg) driver version 0.4 loaded (major 249)
[    1.193274] io scheduler noop registered
[    1.194575] io scheduler deadline registered (default)
[    1.196192] io scheduler cfq registered
[    1.197526] pci_hotplug: PCI Hot Plug PCI Core version: 0.5
[    1.199247] pciehp: PCI Express Hot Plug Controller Driver version: 0.4
[    1.201312] ACPI: AC Adapter [AC] (on-line)
[    1.203090] input: Power Button as /devices/LNXSYSTM:00/LNXPWRBN:00/input/input0
[    1.205345] ACPI: Power Button [PWRF]
[    1.206956] input: Sleep Button as /devices/LNXSYSTM:00/LNXSLPBN:00/input/input1
[    1.211196] ACPI: Sleep Button [SLPF]
[    1.213304] GHES: HEST is not enabled!
[    1.214443] ACPI: Battery Slot [BAT0] (battery present)
[    1.217409] Serial: 8250/16550 driver, 32 ports, IRQ sharing enabled
[    1.240370] 00:02: ttyS0 at I/O 0x3f8 (irq = 4, base_baud = 115200) is a 16550A
[    1.244285] Linux agpgart interface v0.103
[    1.248789] loop: module loaded
[    1.251035] scsi host0: ata_piix
[    1.252822] scsi host1: ata_piix
[    1.254317] ata1: PATA max UDMA/33 cmd 0x1f0 ctl 0x3f6 bmdma 0xd000 irq 14
[    1.256960] ata2: PATA max UDMA/33 cmd 0x170 ctl 0x376 bmdma 0xd008 irq 15
[    1.260074] libphy: Fixed MDIO Bus: probed
[    1.262591] tun: Universal TUN/TAP device driver, 1.6
[    1.264914] tun: (C) 1999-2004 Max Krasnyansky <maxk@qualcomm.com>
[    1.267482] PPP generic driver version 2.4.2
[    1.269419] ehci_hcd: USB 2.0 'Enhanced' Host Controller (EHCI) Driver
[    1.272645] ehci-pci: EHCI PCI platform driver
[    1.274313] ehci-platform: EHCI generic platform driver
[    1.276531] ohci_hcd: USB 1.1 'Open' Host Controller (OHCI) Driver
[    1.278723] ohci-pci: OHCI PCI platform driver
[    1.280503] ohci-platform: OHCI generic platform driver
[    1.282453] uhci_hcd: USB Universal Host Controller Interface driver
[    1.284670] i8042: PNP: PS/2 Controller [PNP0303:PS2K,PNP0f03:PS2M] at 0x60,0x64 irq 1,12
[    1.288103] serio: i8042 KBD port at 0x60,0x64 irq 1
[    1.289563] serio: i8042 AUX port at 0x60,0x64 irq 12
[    1.291190] mousedev: PS/2 mouse device common for all mice
[    1.293683] input: AT Translated Set 2 keyboard as /devices/platform/i8042/serio0/input/input2
[    1.294262] rtc_cmos rtc_cmos: rtc core: registered rtc_cmos as rtc0
[    1.294370] rtc_cmos rtc_cmos: alarms up to one day, 114 bytes nvram
[    1.294384] i2c /dev entries driver
[    1.294512] device-mapper: uevent: version 1.0.3
[    1.296793] device-mapper: ioctl: 4.34.0-ioctl (2015-10-28) initialised: dm-devel@redhat.com
[    1.296813] ledtrig-cpu: registered to indicate activity on CPUs
[    1.297138] NET: Registered protocol family 10
[    1.297374] NET: Registered protocol family 17
[    1.297383] Key type dns_resolver registered
[    1.297628] registered taskstats version 1
[    1.297646] Loading compiled-in X.509 certificates
[    1.298257] Loaded X.509 cert 'Build time autogenerated kernel key: d14182f9795b80ec340f636a5a08bf5817ccd8e7'
[    1.298275] zswap: loaded using pool lzo/zbud
[    1.300536] Key type trusted registered
[    1.303865] Key type encrypted registered
[    1.303871] AppArmor: AppArmor sha1 policy hashing enabled
[    1.303875] ima: No TPM chip found, activating TPM-bypass!
[    1.303879] ima: Allocated hash algorithm: sha1
[    1.303894] evm: HMAC attrs: 0x1
[    1.304343]   Magic number: 15:907:946
[    1.304368] tty tty3: hash matches
[    1.304379] processor cpu1: hash matches
[    1.304855] rtc_cmos rtc_cmos: setting system clock to 2019-08-16 17:55:15 UTC (1565978115)
[    1.305001] BIOS EDD facility v0.16 2004-Jun-25, 0 devices found
[    1.305002] EDD information not available.
[    1.453789] Freeing unused kernel memory: 1488K
[    1.455473] Write protecting the kernel read-only data: 14336k
[    1.458062] Freeing unused kernel memory: 1608K
[    1.460417] Freeing unused kernel memory: 64K
Loading, please wait...
starting version 229
[    1.483880] random: systemd-udevd: uninitialized urandom read (16 bytes read, 3 bits of entropy available)
[    1.484993] random: udevadm: uninitialized urandom read (16 bytes read, 3 bits of entropy available)
[    1.485033] random: udevadm: uninitialized urandom read (16 bytes read, 3 bits of entropy available)
[    1.497068] random: systemd-udevd: uninitialized urandom read (16 bytes read, 3 bits of entropy available)
[    1.500170] random: udevadm: uninitialized urandom read (16 bytes read, 3 bits of entropy available)
[    1.500245] random: udevadm: uninitialized urandom read (16 bytes read, 3 bits of entropy available)
[    1.500467] random: udevadm: uninitialized urandom read (16 bytes read, 3 bits of entropy available)
[    1.500541] random: udevadm: uninitialized urandom read (16 bytes read, 3 bits of entropy available)
[    1.500614] random: udevadm: uninitialized urandom read (16 bytes read, 3 bits of entropy available)
[    1.500726] random: udevadm: uninitialized urandom read (16 bytes read, 3 bits of entropy available)
[    1.574866] Fusion MPT base driver 3.04.20
[    1.576573] Copyright (c) 1999-2008 LSI Corporation
[    1.582555] e1000: Intel(R) PRO/1000 Network Driver - version 7.3.21-k8-NAPI
[    1.585349] e1000: Copyright (c) 1999-2006 Intel Corporation.
[    1.593823] Fusion MPT SPI Host driver 3.04.20
[    1.593886] [drm] Initialized drm 1.1.0 20060810
[    1.648990] AVX2 version of gcm_enc/dec engaged.
[    1.650904] AES CTR mode by8 optimization enabled
[    1.665056] vboxvideo: loading out-of-tree module taints kernel.
[    1.666806] vboxvideo: module verification failed: signature and/or required key missing - tainting kernel
[    1.817621] input: ImExPS/2 Generic Explorer Mouse as /devices/platform/i8042/serio1/input/input4
[    2.053520] e1000 0000:00:03.0 eth0: (PCI:33MHz:32-bit) 02:f3:53:b7:bc:c2
[    2.055457] e1000 0000:00:03.0 eth0: Intel(R) PRO/1000 Network Connection
[    2.058432] mptbase: ioc0: Initiating bringup
[    2.059005] e1000 0000:00:03.0 enp0s3: renamed from eth0
[    2.122696] ioc0: LSI53C1030 A0: Capabilities={Initiator}
[    2.289342] scsi host2: ioc0: LSI53C1030 A0, FwRev=00000000h, Ports=1, MaxQ=256, IRQ=20
[    2.403068] scsi 2:0:0:0: Direct-Access     VBOX     HARDDISK         1.0  PQ: 0 ANSI: 5
[    2.404439] [drm] VRAM 01000000
[    2.407576] [TTM] Zone  kernel: Available graphics memory: 249836 kiB
[    2.407703] scsi target2:0:0: Beginning Domain Validation
[    2.412693] [TTM] Initializing pool allocator
[    2.431850] [TTM] Initializing DMA pool allocator
[    2.437108] fbcon: vboxdrmfb (fb0) is primary device
[    2.437514] scsi target2:0:0: Domain Validation skipping write tests
[    2.437516] scsi target2:0:0: Ending Domain Validation
[    2.437587] scsi target2:0:0: asynchronous
[    2.438201] scsi 2:0:1:0: Direct-Access     VBOX     HARDDISK         1.0  PQ: 0 ANSI: 5
[    2.438207] scsi target2:0:1: Beginning Domain Validation
[    2.439716] scsi target2:0:1: Domain Validation skipping write tests
[    2.439717] scsi target2:0:1: Ending Domain Validation
[    2.439779] scsi target2:0:1: asynchronous
[    2.451221] sd 2:0:0:0: Attached scsi generic sg0 type 0
[    2.451660] Console: switching to colour frame buffer device 100x37
[    2.452010] sd 2:0:0:0: [sda] 20971520 512-byte logical blocks: (10.7 GB/10.0 GiB)
[    2.452045] sd 2:0:1:0: Attached scsi generic sg1 type 0
[    2.452617] sd 2:0:0:0: [sda] Write Protect is off
[    2.454747] sd 2:0:1:0: [sdb] 20480 512-byte logical blocks: (10.5 MB/10.0 MiB)
[    2.454806] sd 2:0:0:0: [sda] Incomplete mode parameter data
[    2.454808] sd 2:0:0:0: [sda] Assuming drive cache: write through
[    2.458477] sd 2:0:1:0: [sdb] Write Protect is off
[    2.461717] sd 2:0:1:0: [sdb] Incomplete mode parameter data
[    2.461719] sd 2:0:1:0: [sdb] Assuming drive cache: write through
[    2.469274]  sda: sda1
[    2.479554] sd 2:0:0:0: [sda] Attached SCSI disk
[    2.489133] vboxvideo 0000:00:02.0: fb0: vboxdrmfb frame buffer device
[    2.491462] sd 2:0:1:0: [sdb] Attached SCSI disk
[    2.506341] [drm] Initialized vboxvideo 1.0.0 20130823 for 0000:00:02.0 on minor 0
Begin: Loading essential drivers ... [    2.646167] md: linear personality registered for level -1
[    2.652303] md: multipath personality registered for level -4
[    2.658657] md: raid0 personality registered for level 0
[    2.667355] md: raid1 personality registered for level 1
[    2.742392] raid6: sse2x1   gen()  7948 MB/s
[    2.810340] raid6: sse2x1   xor()  7028 MB/s
[    2.878692] raid6: sse2x2   gen() 11481 MB/s
[    2.946526] raid6: sse2x2   xor()  7849 MB/s
[    3.014425] raid6: sse2x4   gen() 10082 MB/s
[    3.082229] raid6: sse2x4   xor()  6555 MB/s
[    3.150472] raid6: avx2x1   gen() 17837 MB/s
[    3.218366] raid6: avx2x2   gen() 19253 MB/s
[    3.286268] raid6: avx2x4   gen() 20612 MB/s
[    3.287627] raid6: using algorithm avx2x4 gen() 20612 MB/s
[    3.288899] raid6: using avx2x2 recovery algorithm
[    3.292045] xor: automatically using best checksumming function:
[    3.330600]    avx       : 20135.000 MB/sec
[    3.332867] async_tx: api initialized (async)
[    3.343895] md: raid6 personality registered for level 6
[    3.345154] md: raid5 personality registered for level 5
[    3.346344] md: raid4 personality registered for level 4
[    3.356241] md: raid10 personality registered for level 10
done.
Begin: Running /scripts/init-premount ... done.
Begin: Mounting root file system ... Begin: Running /scripts/local-top ... done.
Begin: Running /scripts/local-premount ... [    3.399036] Btrfs loaded
Scanning for Btrfs filesystems
done.
Warning: fsck not present, so skipping root file system
[    3.449380] EXT4-fs (sda1): mounted filesystem with ordered data mode. Opts: (null)
done.
Begin: Running /scripts/local-bottom ... done.
Begin: Running /scripts/init-bottom ... done.
[    3.617818] systemd[1]: systemd 229 running in system mode. (+PAM +AUDIT +SELINUX +IMA +APPARMOR +SMACK +SYSVINIT +UTMP +LIBCRYPTSETUP +GCRYPT +GNUTLS +ACL +XZ -LZ4 +SECCOMP +BLKID +ELFUTILS +KMOD -IDN)
[    3.622909] systemd[1]: Detected virtualization oracle.
[    3.624305] systemd[1]: Detected architecture x86-64.

Welcome to [1mUbuntu 16.04.6 LTS[0m!

[    3.630473] systemd[1]: Set hostname to <ubuntu-xenial>.
[    3.851840] systemd[1]: Listening on Journal Audit Socket.
[[0;32m  OK  [0m] Listening on Journal Audit Socket.
[    3.854681] systemd[1]: Listening on udev Control Socket.
[[0;32m  OK  [0m] Listening on udev Control Socket.
[    3.857118] systemd[1]: Started Forward Password Requests to Wall Directory Watch.
[[0;32m  OK  [0m] Started Forward Password Requests to Wall Directory Watch.
[    3.860686] systemd[1]: Listening on Journal Socket (/dev/log).
[[0;32m  OK  [0m] Listening on Journal Socket (/dev/log).
[    3.870839] systemd[1]: Set up automount Arbitrary Executable File Formats File System Automount Point.
[[0;32m  OK  [0m] Set up automount Arbitrary Executab...ats File System Automount Point.
[    3.875649] systemd[1]: Created slice User and Session Slice.
[[0;32m  OK  [0m] Created slice User and Session Slice.
[    3.878474] systemd[1]: Started Trigger resolvconf update for networkd DNS.
[[0;32m  OK  [0m] Started Trigger resolvconf update for networkd DNS.
[    3.881371] systemd[1]: Reached target System Time Synchronized.
[[0;32m  OK  [0m] Reached target System Time Synchronized.
[    3.884326] systemd[1]: Listening on udev Kernel Socket.
[[0;32m  OK  [0m] Listening on udev Kernel Socket.
[    3.895336] systemd[1]: Listening on Journal Socket.
[[0;32m  OK  [0m] Listening on Journal Socket.
[    3.898236] systemd[1]: Listening on LVM2 poll daemon socket.
[[0;32m  OK  [0m] Listening on LVM2 poll daemon socket.
[    3.906992] systemd[1]: Reached target Swap.
[[0;32m  OK  [0m] Reached target Swap.
[    3.914870] systemd[1]: Reached target Encrypted Volumes.
[[0;32m  OK  [0m] Reached target Encrypted Volumes.
[    3.917843] systemd[1]: Reached target User and Group Name Lookups.
[[0;32m  OK  [0m] Reached target User and Group Name Lookups.
[    3.920601] systemd[1]: Listening on LVM2 metadata daemon socket.
[[0;32m  OK  [0m] Listening on LVM2 metadata daemon socket.
[    3.930426] systemd[1]: Listening on Syslog Socket.
[[0;32m  OK  [0m] Listening on Syslog Socket.
[    3.938458] systemd[1]: Listening on /dev/initctl Compatibility Named Pipe.
[[0;32m  OK  [0m] Listening on /dev/initctl Compatibility Named Pipe.
[    3.946735] systemd[1]: Created slice System Slice.
[[0;32m  OK  [0m] Created slice System Slice.
[    3.959181] systemd[1]: Starting Uncomplicated firewall...
         Starting Uncomplicated firewall...
[    3.967244] systemd[1]: Starting Load Kernel Modules...
         Starting Load Kernel Modules...
[    3.971053] systemd[1]: Mounting Debug File System...
         Mounting Debug File System...
[    3.975755] systemd[1]: Mounting POSIX Message Queue File System...
         Mounting POSIX Message Queue File System...
[    3.979382] systemd[1]: Reached target Slices.
[[0;32m  OK  [0m] Reached target Slices.
[    3.984146] systemd[1]: Mounting Huge Pages File System...
         Mounting Huge Pages File System...
[    3.995043] Loading iSCSI transport class v2.0-870.
[    3.995815] systemd[1]: Starting Nameserver information manager...
         Starting Nameserver information manager...
[    4.001306] systemd[1]: Starting Journal Service...
         Starting Journal Service...
[    4.006934] systemd[1]: Starting Remount Root and Kernel File Systems...
         Starting Remount Root and Kernel File Systems...
[    4.013995] EXT4-fs (sda1): re-mounted. Opts: (null)
[    4.017758] systemd[1]: Starting Set console keymap...
         Starting Set console keymap...
[    4.025004] systemd[1]: Starting Create list of required static device nodes for the current kernel...
         Starting Create list of required st... nodes for the current kernel...
[    4.031178] systemd[1]: Listening on Device-mapper event daemon FIFOs.
[    4.033706] iscsi: registered transport (tcp)
[[0;32m  OK  [0m] Listening on Device-mapper event daemon FIFOs.
[    4.059111] systemd[1]: Starting Monitoring of LVM2 mirrors, snapshots etc. using dmeventd or progress polling...
         Starting Monitoring of LVM2 mirrors... dmeventd or progress polling...
[    4.069833] systemd[1]: Created slice system-serial\x2dgetty.slice.
[[0;32m  OK  [0m] Created slice system-serial\x2dgetty.slice.
[    4.075934] systemd[1]: Mounted Huge Pages File System.
[[0;32m  OK  [0m] Mounted Huge Pages File System.
[    4.079543] systemd[1]: Mounted POSIX Message Queue File System.
[[0;32m  OK  [0m] Mounted POSIX Message Queue File System.
[    4.084742] systemd[1]: Mounted Debug File System.
[[0;32m  OK  [0m] Mounted Debug File System.
[    4.092687] systemd[1]: Started Journal Service.
[[0;32m  OK  [0m] Started Journal Service.
[[0;32m  OK  [0m] Started Uncomplicated firewall.
[[0;32m  OK  [0m] Started Remount Root and Kernel File Systems.
[[0;32m  OK  [0m] Started Create list of required sta...ce nodes for the current kernel.
[    4.116827] iscsi: registered transport (iser)
[[0;32m  OK  [0m] Started Nameserver information manager.
[[0;32m  OK  [0m] Started Load Kernel Modules.
[[0;32m  OK  [0m] Started Set console keymap.
[[0;32m  OK  [0m] Started LVM2 metadata daemon.
         Starting Apply Kernel Variables...
         Mounting FUSE Control File System...
         Starting Create Static Device Nodes in /dev...
         Starting udev Coldplug all Devices...
         Starting Load/Save Random Seed...
         Starting Flush Journal to Persistent Storage...
[[0;32m  OK  [0m] Mounted FUSE Control File System.
[[0;32m  OK  [0m] Started Apply Kernel Variables.
[[0;32m  OK  [0m] Started Load/Save Random Seed.
[[0;32m  OK  [0m] Started Create Static Device Nodes in /dev.
[[0;32m  OK  [0m] Started Flush Journal to Persistent Storage.
[[0;32m  OK  [0m] Started udev Coldplug all Devices.
         Starting udev Kernel Device Manager...
[[0;32m  OK  [0m] Started udev Kernel Device Manager.
[[0;32m  OK  [0m] Started Dispatch Password Requests to Console Directory Watch.
[[0;32m  OK  [0m] Started Monitoring of LVM2 mirrors,...ng dmeventd or progress polling.
[[0;32m  OK  [0m] Reached target Local File Systems (Pre).
[[0;32m  OK  [0m] Reached target Local File Systems.
         Starting LSB: AppArmor initialization...
         Starting Create Volatile Files and Directories...
         Starting Set console font and keymap...
         Starting Initial cloud-init job (pre-networking)...
         Starting Tell Plymouth To Write Out Runtime Data...
[[0;32m  OK  [0m] Started Tell Plymouth To Write Out Runtime Data.
[[0;32m  OK  [0m] Started Create Volatile Files and Directories.
[[0;32m  OK  [0m] Found device /dev/ttyS0.
         Starting Update UTMP about System Boot/Shutdown...
[[0;32m  OK  [0m] Started Update UTMP about System Boot/Shutdown.
[[0;32m  OK  [0m] Listening on Load/Save RF Kill Switch Status /dev/rfkill Watch.
[[0;32m  OK  [0m] Found device 82540EM Gigabit Ethern...r (PRO/1000 MT Desktop Adapter).
[[0;32m  OK  [0m] Started LSB: AppArmor initialization.
[[0;32m  OK  [0m] Started Set console font and keymap.
[[0;32m  OK  [0m] Created slice system-getty.slice.
[    5.767827] cloud-init[500]: Cloud-init v. 19.1-1-gbaa47854-0ubuntu1~16.04.1 running 'init-local' at Fri, 16 Aug 2019 17:55:19 +0000. Up 5.31 seconds.
[[0;32m  OK  [0m] Started Initial cloud-init job (pre-networking).
[[0;32m  OK  [0m] Reached target Network (Pre).
[[0;32m  OK  [0m] Started ifup for enp0s3.
         Starting Raise network interfaces...
[[0;1;31mFAILED[0m] Failed to start Raise network interfaces.
See 'systemctl status networking.service' for details.
         Starting Initial cloud-init job (metadata service crawler)...
[[0;32m  OK  [0m] Reached target Network.
[    7.069527] cloud-init[1012]: Cloud-init v. 19.1-1-gbaa47854-0ubuntu1~16.04.1 running 'init' at Fri, 16 Aug 2019 17:55:21 +0000. Up 6.62 seconds.
[    7.072354] cloud-init[1012]: ci-info: ++++++++++++++++++++++++++++++++++++++Net device info++++++++++++++++++++++++++++++++++++++
[    7.074777] cloud-init[1012]: ci-info: +--------+------+----------------------------+---------------+--------+-------------------+
[    7.088872] cloud-init[1012]: ci-info: | Device |  Up  |          Address           |      Mask     | Scope  |     Hw-Address    |
[    7.091715] cloud-init[1012]: ci-info: +--------+------+----------------------------+---------------+--------+-------------------+
[    7.096461] cloud-init[1012]: ci-info: | enp0s3 | True |         10.0.2.15          | 255.255.255.0 | global | 02:f3:53:b7:bc:c2 |
[    7.105240] cloud-init[1012]: ci-info: | enp0s3 | True | fe80::f3:53ff:feb7:bcc2/64 |       .       |  link  | 02:f3:53:b7:bc:c2 |
[    7.113034] cloud-init[1012]: ci-info: |   lo   | True |         127.0.0.1          |   255.0.0.0   |  host  |         .         |
[    7.120944] cloud-init[1012]: ci-info: |   lo   | True |          ::1/128           |       .       |  host  |         .         |
[    7.124507] cloud-init[1012]: ci-info: +--------+------+----------------------------+---------------+--------+-------------------+
[    7.128165] cloud-init[1012]: ci-info: +++++++++++++++++++++++++++Route IPv4 info++++++++++++++++++++++++++++
[    7.130869] cloud-init[1012]: ci-info: +-------+-------------+----------+---------------+-----------+-------+
[    7.134358] cloud-init[1012]: ci-info: | Route | Destination | Gateway  |    Genmask    | Interface | Flags |
[    7.137385] cloud-init[1012]: ci-info: +-------+-------------+----------+---------------+-----------+-------+
[    7.140849] cloud-init[1012]: ci-info: |   0   |   0.0.0.0   | 10.0.2.2 |    0.0.0.0    |   enp0s3  |   UG  |
[    7.144612] cloud-init[1012]: ci-info: |   1   |   10.0.2.0  | 0.0.0.0  | 255.255.255.0 |   enp0s3  |   U   |
[    7.148145] cloud-init[1012]: ci-info: +-------+-------------+----------+---------------+-----------+-------+
[    7.153365] cloud-init[1012]: ci-info: +++++++++++++++++++Route IPv6 info+++++++++++++++++++
[    7.156098] cloud-init[1012]: ci-info: +-------+-------------+---------+-----------+-------+
[    7.159319] cloud-init[1012]: ci-info: | Route | Destination | Gateway | Interface | Flags |
[    7.163153] cloud-init[1012]: ci-info: +-------+-------------+---------+-----------+-------+
[    7.165856] cloud-init[1012]: ci-info: |   0   |  fe80::/64  |    ::   |   enp0s3  |   U   |
[    7.169566] cloud-init[1012]: ci-info: |   3   |   ff00::/8  |    ::   |   enp0s3  |   U   |
[    7.172388] cloud-init[1012]: ci-info: +-------+-------------+---------+-----------+-------+[[0;32m  OK  [0m] Started Initial cloud-init job (metadata service crawler).

[[0;32m  OK  [0m] Reached target Network is Online.
         Starting iSCSI initiator daemon (iscsid)...
[[0;32m  OK  [0m] Reached target System Initialization.
[[0;32m  OK  [0m] Started Daily apt download activities.
[[0;32m  OK  [0m] Started ACPI Events Check.
[[0;32m  OK  [0m] Reached target Paths.
[[0;32m  OK  [0m] Listening on UUID daemon activation socket.
[[0;32m  OK  [0m] Started Daily Cleanup of Temporary Directories.
[[0;32m  OK  [0m] Listening on D-Bus System Message Bus Socket.
[[0;32m  OK  [0m] Listening on ACPID Listen Socket.
         Starting Socket activation for snappy daemon.
         Starting LXD - unix socket.
[[0;32m  OK  [0m] Started Daily apt upgrade and clean activities.
[[0;32m  OK  [0m] Reached target Timers.
[[0;32m  OK  [0m] Reached target Cloud-config availability.
[[0;32m  OK  [0m] Listening on Socket activation for snappy daemon.
[[0;32m  OK  [0m] Listening on LXD - unix socket.
[[0;32m  OK  [0m] Started iSCSI initiator daemon (iscsid).
         Starting Login to default iSCSI targets...
[[0;32m  OK  [0m] Reached target Sockets.
[[0;32m  OK  [0m] Reached target Basic System.
         Starting /etc/rc.local Compatibility...
         Starting System Logging Service...
         Starting vboxadd.service...
[[0;32m  OK  [0m] Started Regular background program processing daemon.
[[0;32m  OK  [0m] Started FUSE filesystem for LXC.
[[0;32m  OK  [0m] Started D-Bus System Message Bus.
         Starting Login Service...
         Starting LSB: Record successful boot for GRUB...
         Starting OpenBSD Secure Shell server...
         Starting LSB: MD monitoring daemon...
[[0;32m  OK  [0m] Started Deferred execution scheduler.
         Starting Snappy daemon...
         Starting LXD - container startup/shutdown...
         Starting Accounts Service...
[[0;32m  OK  [0m] Started ACPI event daemon.
[[0;32m  OK  [0m] Started System Logging Service.
[[0;32m  OK  [0m] Started /etc/rc.local Compatibility.
[[0;32m  OK  [0m] Started OpenBSD Secure Shell server.
[[0;32m  OK  [0m] Started Login to default iSCSI targets.
[[0;32m  OK  [0m] Started LSB: MD monitoring daemon.
[[0;32m  OK  [0m] Started LSB: Record successful boot for GRUB.
[[0;32m  OK  [0m] Started Login Service.
[[0;32m  OK  [0m] Started Unattended Upgrades Shutdown.
         Starting Authenticate and Authorize Users to Run Privileged Tasks...
[[0;32m  OK  [0m] Reached target Remote File Systems (Pre).
[[0;32m  OK  [0m] Reached target Remote File Systems.
         Starting Permit User Sessions...
         Starting LSB: daemon to balance interrupts for SMP systems...
         Starting LSB: automatic crash report generation...
         Starting LSB: Set the CPU Frequency Scaling governor to "ondemand"...
[[0;32m  OK  [0m] Started LXD - container startup/shutdown.
[[0;32m  OK  [0m] Started Permit User Sessions.
         Starting Terminate Plymouth Boot Screen...
         Starting Hold until boot process finishes up...
[[0;32m  OK  [0m] Started Terminate Plymouth Boot Screen.
[[0;32m  OK  [0m] Started Hold until boot process finishes up.
[[0;32m  OK  [0m] Started Authenticate and Authorize Users to Run Privileged Tasks.
[[0;32m  OK  [0m] Started LSB: Set the CPU Frequency Scaling governor to "ondemand".
[[0;32m  OK  [0m] Started Accounts Service.
[[0;32m  OK  [0m] Started Serial Getty on ttyS0.
         Starting Set console scheme...
[[0;32m  OK  [0m] Started Getty on tty1.
[[0;32m  OK  [0m] Reached target Login Prompts.
[[0;32m  OK  [0m] Started LSB: daemon to balance interrupts for SMP systems.
[[0;32m  OK  [0m] Started LSB: automatic crash report generation.
[[0;32m  OK  [0m] Started Set console scheme.
[[0;32m  OK  [0m] Started Snappy daemon.
         Starting Wait until snapd is fully seeded...
[[0;32m  OK  [0m] Started Wait until snapd is fully seeded.
         Starting Apply the settings specified in cloud-config...
[    8.995866] cloud-init[1264]: Cloud-init v. 19.1-1-gbaa47854-0ubuntu1~16.04.1 running 'modules:config' at Fri, 16 Aug 2019 17:55:23 +0000. Up 8.82 seconds.
[[0;32m  OK  [0m] Started Apply the settings specified in cloud-config.
[[0;32m  OK  [0m] Started vboxadd.service.
         Starting vboxadd-service.service...
[[0;32m  OK  [0m] Started vboxadd-service.service.
[[0;32m  OK  [0m] Reached target Multi-User System.
         Starting Execute cloud user/final scripts...
[[0;32m  OK  [0m] Reached target Graphical Interface.
         Starting Update UTMP about System Runlevel Changes...
[[0;32m  OK  [0m] Started Update UTMP about System Runlevel Changes.
[    9.895689] cloud-init[1347]: Cloud-init v. 19.1-1-gbaa47854-0ubuntu1~16.04.1 running 'modules:final' at Fri, 16 Aug 2019 17:55:24 +0000. Up 9.70 seconds.
[    9.899383] cloud-init[1347]: Cloud-init v. 19.1-1-gbaa47854-0ubuntu1~16.04.1 finished at Fri, 16 Aug 2019 17:55:24 +0000. Datasource DataSourceNoCloud [seed=/dev/sdb][dsmode=net].  Up 9.88 seconds
[[0;32m  OK  [0m] Started Execute cloud user/final scripts.
[[0;32m  OK  [0m] Reached target Cloud-init target.

Ubuntu 16.04.6 LTS ubuntu-xenial ttyS0

ubuntu-xenial login: 